
> starter_helpi@0.1.0 test
> react-scripts test --coverage

  console.error
    Error: Not implemented: navigation (except hash changes)
        at module.exports (/home/runner/work/Final_Project_CISC275/Final_Project_CISC275/node_modules/jsdom/lib/jsdom/browser/not-implemented.js:9:17)
        at navigateFetch (/home/runner/work/Final_Project_CISC275/Final_Project_CISC275/node_modules/jsdom/lib/jsdom/living/window/navigation.js:76:3)
        at exports.navigate (/home/runner/work/Final_Project_CISC275/Final_Project_CISC275/node_modules/jsdom/lib/jsdom/living/window/navigation.js:54:3)
        at LocationImpl.reload (/home/runner/work/Final_Project_CISC275/Final_Project_CISC275/node_modules/jsdom/lib/jsdom/living/window/Location-impl.js:236:5)
        at Location.reload (/home/runner/work/Final_Project_CISC275/Final_Project_CISC275/node_modules/jsdom/lib/jsdom/living/generated/Location.js:99:36)
        at handleSubmit (/home/runner/work/Final_Project_CISC275/Final_Project_CISC275/src/Components/Footer.tsx:28:25)
        at HTMLUnknownElement.callCallback (/home/runner/work/Final_Project_CISC275/Final_Project_CISC275/node_modules/react-dom/cjs/react-dom.development.js:4164:14)
        at HTMLUnknownElement.callTheUserObjectsOperation (/home/runner/work/Final_Project_CISC275/Final_Project_CISC275/node_modules/jsdom/lib/jsdom/living/generated/EventListener.js:26:30)
        at innerInvokeEventListeners (/home/runner/work/Final_Project_CISC275/Final_Project_CISC275/node_modules/jsdom/lib/jsdom/living/events/EventTarget-impl.js:338:25)
        at invokeEventListeners (/home/runner/work/Final_Project_CISC275/Final_Project_CISC275/node_modules/jsdom/lib/jsdom/living/events/EventTarget-impl.js:274:3)
        at HTMLUnknownElementImpl._dispatch (/home/runner/work/Final_Project_CISC275/Final_Project_CISC275/node_modules/jsdom/lib/jsdom/living/events/EventTarget-impl.js:221:9)
        at HTMLUnknownElementImpl.dispatchEvent (/home/runner/work/Final_Project_CISC275/Final_Project_CISC275/node_modules/jsdom/lib/jsdom/living/events/EventTarget-impl.js:94:17)
        at HTMLUnknownElement.dispatchEvent (/home/runner/work/Final_Project_CISC275/Final_Project_CISC275/node_modules/jsdom/lib/jsdom/living/generated/EventTarget.js:231:34)
        at Object.invokeGuardedCallbackDev (/home/runner/work/Final_Project_CISC275/Final_Project_CISC275/node_modules/react-dom/cjs/react-dom.development.js:4213:16)
        at invokeGuardedCallback (/home/runner/work/Final_Project_CISC275/Final_Project_CISC275/node_modules/react-dom/cjs/react-dom.development.js:4277:31)
        at invokeGuardedCallbackAndCatchFirstError (/home/runner/work/Final_Project_CISC275/Final_Project_CISC275/node_modules/react-dom/cjs/react-dom.development.js:4291:25)
        at executeDispatch (/home/runner/work/Final_Project_CISC275/Final_Project_CISC275/node_modules/react-dom/cjs/react-dom.development.js:9041:3)
        at processDispatchQueueItemsInOrder (/home/runner/work/Final_Project_CISC275/Final_Project_CISC275/node_modules/react-dom/cjs/react-dom.development.js:9073:7)
        at processDispatchQueue (/home/runner/work/Final_Project_CISC275/Final_Project_CISC275/node_modules/react-dom/cjs/react-dom.development.js:9086:5)
        at dispatchEventsForPlugins (/home/runner/work/Final_Project_CISC275/Final_Project_CISC275/node_modules/react-dom/cjs/react-dom.development.js:9097:3)
        at /home/runner/work/Final_Project_CISC275/Final_Project_CISC275/node_modules/react-dom/cjs/react-dom.development.js:9288:12
        at batchedUpdates$1 (/home/runner/work/Final_Project_CISC275/Final_Project_CISC275/node_modules/react-dom/cjs/react-dom.development.js:26140:12)
        at batchedUpdates (/home/runner/work/Final_Project_CISC275/Final_Project_CISC275/node_modules/react-dom/cjs/react-dom.development.js:3991:12)
        at dispatchEventForPluginEventSystem (/home/runner/work/Final_Project_CISC275/Final_Project_CISC275/node_modules/react-dom/cjs/react-dom.development.js:9287:3)
        at dispatchEventWithEnableCapturePhaseSelectiveHydrationWithoutDiscreteEventReplay (/home/runner/work/Final_Project_CISC275/Final_Project_CISC275/node_modules/react-dom/cjs/react-dom.development.js:6465:5)
        at dispatchEvent (/home/runner/work/Final_Project_CISC275/Final_Project_CISC275/node_modules/react-dom/cjs/react-dom.development.js:6457:5)
        at dispatchDiscreteEvent (/home/runner/work/Final_Project_CISC275/Final_Project_CISC275/node_modules/react-dom/cjs/react-dom.development.js:6430:5)
        at HTMLDivElement.callTheUserObjectsOperation (/home/runner/work/Final_Project_CISC275/Final_Project_CISC275/node_modules/jsdom/lib/jsdom/living/generated/EventListener.js:26:30)
        at innerInvokeEventListeners (/home/runner/work/Final_Project_CISC275/Final_Project_CISC275/node_modules/jsdom/lib/jsdom/living/events/EventTarget-impl.js:338:25)
        at invokeEventListeners (/home/runner/work/Final_Project_CISC275/Final_Project_CISC275/node_modules/jsdom/lib/jsdom/living/events/EventTarget-impl.js:274:3)
        at HTMLButtonElementImpl._dispatch (/home/runner/work/Final_Project_CISC275/Final_Project_CISC275/node_modules/jsdom/lib/jsdom/living/events/EventTarget-impl.js:221:9)
        at HTMLButtonElementImpl.dispatchEvent (/home/runner/work/Final_Project_CISC275/Final_Project_CISC275/node_modules/jsdom/lib/jsdom/living/events/EventTarget-impl.js:94:17)
        at HTMLButtonElement.dispatchEvent (/home/runner/work/Final_Project_CISC275/Final_Project_CISC275/node_modules/jsdom/lib/jsdom/living/generated/EventTarget.js:231:34)
        at /home/runner/work/Final_Project_CISC275/Final_Project_CISC275/node_modules/@testing-library/react/node_modules/@testing-library/dom/dist/events.js:19:20
        at /home/runner/work/Final_Project_CISC275/Final_Project_CISC275/node_modules/@testing-library/react/dist/pure.js:79:16
        at /home/runner/work/Final_Project_CISC275/Final_Project_CISC275/node_modules/@testing-library/react/dist/act-compat.js:64:24
        at act (/home/runner/work/Final_Project_CISC275/Final_Project_CISC275/node_modules/react/cjs/react.development.js:2512:16)
        at /home/runner/work/Final_Project_CISC275/Final_Project_CISC275/node_modules/@testing-library/react/dist/act-compat.js:63:25
        at Object.eventWrapper (/home/runner/work/Final_Project_CISC275/Final_Project_CISC275/node_modules/@testing-library/react/dist/pure.js:78:28)
        at fireEvent (/home/runner/work/Final_Project_CISC275/Final_Project_CISC275/node_modules/@testing-library/react/node_modules/@testing-library/dom/dist/events.js:12:35)
        at Function.fireEvent.<computed> [as click] (/home/runner/work/Final_Project_CISC275/Final_Project_CISC275/node_modules/@testing-library/react/node_modules/@testing-library/dom/dist/events.js:110:36)
        at Function.click (/home/runner/work/Final_Project_CISC275/Final_Project_CISC275/node_modules/@testing-library/react/dist/fire-event.js:18:52)
        at Object.<anonymous> (/home/runner/work/Final_Project_CISC275/Final_Project_CISC275/src/App.test.tsx:47:15)
        at Promise.then.completed (/home/runner/work/Final_Project_CISC275/Final_Project_CISC275/node_modules/jest-circus/build/utils.js:391:28)
        at new Promise (<anonymous>)
        at callAsyncCircusFn (/home/runner/work/Final_Project_CISC275/Final_Project_CISC275/node_modules/jest-circus/build/utils.js:316:10)
        at _callCircusTest (/home/runner/work/Final_Project_CISC275/Final_Project_CISC275/node_modules/jest-circus/build/run.js:218:40)
        at processTicksAndRejections (node:internal/process/task_queues:96:5)
        at _runTest (/home/runner/work/Final_Project_CISC275/Final_Project_CISC275/node_modules/jest-circus/build/run.js:155:3)
        at _runTestsForDescribeBlock (/home/runner/work/Final_Project_CISC275/Final_Project_CISC275/node_modules/jest-circus/build/run.js:66:9) undefined

      26 |     function handleSubmit() {
      27 |         localStorage.setItem(saveKeyName, JSON.stringify(key));
    > 28 |         window.location.reload();//when making a mistake and changing the key again, I found that I have to reload the whole site before openai refreshes what it has stores for the local storage variable
         |                         ^
      29 |     }
      30 |
      31 |     return (

      at VirtualConsole.<anonymous> (node_modules/jsdom/lib/jsdom/virtual-console.js:29:45)
      at module.exports (node_modules/jsdom/lib/jsdom/browser/not-implemented.js:12:26)
      at navigateFetch (node_modules/jsdom/lib/jsdom/living/window/navigation.js:76:3)
      at exports.navigate (node_modules/jsdom/lib/jsdom/living/window/navigation.js:54:3)
      at LocationImpl.reload (node_modules/jsdom/lib/jsdom/living/window/Location-impl.js:236:5)
      at Location.reload (node_modules/jsdom/lib/jsdom/living/generated/Location.js:99:36)
      at handleSubmit (src/Components/Footer.tsx:28:25)
      at HTMLUnknownElement.callCallback (node_modules/react-dom/cjs/react-dom.development.js:4164:14)
      at HTMLUnknownElement.callTheUserObjectsOperation (node_modules/jsdom/lib/jsdom/living/generated/EventListener.js:26:30)
      at innerInvokeEventListeners (node_modules/jsdom/lib/jsdom/living/events/EventTarget-impl.js:338:25)
      at invokeEventListeners (node_modules/jsdom/lib/jsdom/living/events/EventTarget-impl.js:274:3)
      at HTMLUnknownElementImpl._dispatch (node_modules/jsdom/lib/jsdom/living/events/EventTarget-impl.js:221:9)
      at HTMLUnknownElementImpl.dispatchEvent (node_modules/jsdom/lib/jsdom/living/events/EventTarget-impl.js:94:17)
      at HTMLUnknownElement.dispatchEvent (node_modules/jsdom/lib/jsdom/living/generated/EventTarget.js:231:34)
      at Object.invokeGuardedCallbackDev (node_modules/react-dom/cjs/react-dom.development.js:4213:16)
      at invokeGuardedCallback (node_modules/react-dom/cjs/react-dom.development.js:4277:31)
      at invokeGuardedCallbackAndCatchFirstError (node_modules/react-dom/cjs/react-dom.development.js:4291:25)
      at executeDispatch (node_modules/react-dom/cjs/react-dom.development.js:9041:3)
      at processDispatchQueueItemsInOrder (node_modules/react-dom/cjs/react-dom.development.js:9073:7)
      at processDispatchQueue (node_modules/react-dom/cjs/react-dom.development.js:9086:5)
      at dispatchEventsForPlugins (node_modules/react-dom/cjs/react-dom.development.js:9097:3)
      at node_modules/react-dom/cjs/react-dom.development.js:9288:12
      at batchedUpdates$1 (node_modules/react-dom/cjs/react-dom.development.js:26140:12)
      at batchedUpdates (node_modules/react-dom/cjs/react-dom.development.js:3991:12)
      at dispatchEventForPluginEventSystem (node_modules/react-dom/cjs/react-dom.development.js:9287:3)
      at dispatchEventWithEnableCapturePhaseSelectiveHydrationWithoutDiscreteEventReplay (node_modules/react-dom/cjs/react-dom.development.js:6465:5)
      at dispatchEvent (node_modules/react-dom/cjs/react-dom.development.js:6457:5)
      at dispatchDiscreteEvent (node_modules/react-dom/cjs/react-dom.development.js:6430:5)
      at HTMLDivElement.callTheUserObjectsOperation (node_modules/jsdom/lib/jsdom/living/generated/EventListener.js:26:30)
      at innerInvokeEventListeners (node_modules/jsdom/lib/jsdom/living/events/EventTarget-impl.js:338:25)
      at invokeEventListeners (node_modules/jsdom/lib/jsdom/living/events/EventTarget-impl.js:274:3)
      at HTMLButtonElementImpl._dispatch (node_modules/jsdom/lib/jsdom/living/events/EventTarget-impl.js:221:9)
      at HTMLButtonElementImpl.dispatchEvent (node_modules/jsdom/lib/jsdom/living/events/EventTarget-impl.js:94:17)
      at HTMLButtonElement.dispatchEvent (node_modules/jsdom/lib/jsdom/living/generated/EventTarget.js:231:34)
      at node_modules/@testing-library/react/node_modules/@testing-library/dom/dist/events.js:19:20
      at node_modules/@testing-library/react/dist/pure.js:79:16
      at node_modules/@testing-library/react/dist/act-compat.js:64:24
      at act (node_modules/react/cjs/react.development.js:2512:16)
      at node_modules/@testing-library/react/dist/act-compat.js:63:25
      at Object.eventWrapper (node_modules/@testing-library/react/dist/pure.js:78:28)
      at fireEvent (node_modules/@testing-library/react/node_modules/@testing-library/dom/dist/events.js:12:35)
      at Function.fireEvent.<computed> [as click] (node_modules/@testing-library/react/node_modules/@testing-library/dom/dist/events.js:110:36)
      at Function.click (node_modules/@testing-library/react/dist/fire-event.js:18:52)
      at Object.<anonymous> (src/App.test.tsx:47:15)

PASS src/App.test.tsx
  Footer component
    ✓ renders without crashing (21 ms)
    ✓ submits form with correct API key (53 ms)
  Loading component
    ✓ renders without crashing (5 ms)
    ✓ renders loading text (6 ms)
    ✓ renders spinner element (52 ms)
    ✓ has correct spinner styles (16 ms)
  NavB component
    ✓ renders without crashing (9 ms)
    ✓ renders brand link correctly (5 ms)
    ✓ renders basic test link correctly (4 ms)
    ✓ renders detailed test link correctly (3 ms)
  HomeScreen component
    ✓ navigates to the correct page when buttons are clicked (18 ms)

[0;33mOne of your dependencies, babel-preset-react-app, is importing the
"@babel/plugin-proposal-private-property-in-object" package without
declaring it in its dependencies. This is currently working because
"@babel/plugin-proposal-private-property-in-object" is already in your
node_modules folder for unrelated reasons, but it [1mmay break at any time[0;33m.

babel-preset-react-app is part of the create-react-app project, [1mwhich
is not maintianed anymore[0;33m. It is thus unlikely that this bug will
ever be fixed. Add "@babel/plugin-proposal-private-property-in-object" to
your devDependencies to work around this error. This will make this message
go away.[0m
  
---------------------|---------|----------|---------|---------|-------------------
File                 | % Stmts | % Branch | % Funcs | % Lines | Uncovered Line #s 
---------------------|---------|----------|---------|---------|-------------------
All files            |    9.77 |        0 |    18.6 |   10.48 |                   
 src                 |       0 |        0 |       0 |       0 |                   
  App.tsx            |       0 |      100 |       0 |       0 | 16                
  index.tsx          |       0 |      100 |     100 |       0 | 8-18              
  reportWebVitals.ts |       0 |        0 |       0 |       0 | 3-10              
 src/Components      |   24.32 |        0 |   27.77 |   26.47 |                   
  Footer.tsx         |   63.63 |        0 |      75 |      70 | 13-16             
  Loading.tsx        |     100 |      100 |     100 |     100 |                   
  NavBar.tsx         |     100 |      100 |     100 |     100 |                   
  Question.tsx       |       0 |        0 |       0 |       0 | 22-60             
  progress.tsx       |       0 |        0 |       0 |       0 | 13-84             
 src/Pages           |    4.76 |        0 |   13.63 |    5.12 |                   
  BasicTest.tsx      |       0 |        0 |       0 |       0 | 9-111             
  DetailedTest.tsx   |       0 |        0 |       0 |       0 | 8-75              
  HomeScreen.tsx     |     100 |      100 |     100 |     100 |                   
  LoadingPage.tsx    |       0 |      100 |       0 |       0 | 5                 
  ResultPage.tsx     |       0 |        0 |       0 |       0 | 10-212            
---------------------|---------|----------|---------|---------|-------------------
Test Suites: 1 passed, 1 total
Tests:       11 passed, 11 total
Snapshots:   0 total
Time:        3.49 s
Ran all test suites.
